// Jest Snapshot v1, https://goo.gl/fbAQLP

exports[`<Button /> 1`] = `
<div>
  <div
    class="sc-bdVaJa cKRTaz"
  >
    Potatoe
  </div>
</div>
`;
